ARM Linker, 4.1 [Build 894] [Standard]

==============================================================================

Section Cross References

    main.o(i.main) refers to systemclock.o(i.RCC_Configuration) for RCC_Configuration
    main.o(i.main) refers to usart.o(i.Init_USART) for Init_USART
    main.o(i.main) refers to touchscreen.o(i.TS_GPIO_Init) for TS_GPIO_Init
    main.o(i.main) refers to hw_config.o(i.LED_Configuration) for LED_Configuration
    main.o(i.main) refers to hw_config.o(i.BUTTON_Configuration) for BUTTON_Configuration
    main.o(i.main) refers to hw_config.o(i.NVIC_Configuration) for NVIC_Configuration
    main.o(i.main) refers to hw_config.o(i.EXTI_Configuration) for EXTI_Configuration
    main.o(i.main) refers to lcd.o(i.LCD_Init) for LCD_Init
    main.o(i.main) refers to lcd.o(i.LCD_Clear) for LCD_Clear
    main.o(i.main) refers to lcd.o(i.Draw_Circle) for Draw_Circle
    main.o(i.main) refers to lcd.o(i.LCD_ShowNum) for LCD_ShowNum
    main.o(i.main) refers to lcd.o(i.LCD_Fill) for LCD_Fill
    main.o(i.main) refers to systick.o(i.Delay_Nms) for Delay_Nms
    main.o(i.main) refers to usart.o(i.USART_SendStr) for USART_SendStr
    main.o(i.main) refers to main.o(.data) for .data
    stm32f10x_it.o(i.EXTI3_IRQHandler) refers to stm32f10x_exti.o(i.EXTI_GetITStatus) for EXTI_GetITStatus
    stm32f10x_it.o(i.EXTI3_IRQHandler) refers to stm32f10x_exti.o(i.EXTI_ClearITPendingBit) for EXTI_ClearITPendingBit
    stm32f10x_it.o(i.EXTI3_IRQHandler) refers to stm32f10x_gpio.o(i.GPIO_WriteBit) for GPIO_WriteBit
    stm32f10x_it.o(i.EXTI9_5_IRQHandler) refers to stm32f10x_exti.o(i.EXTI_GetITStatus) for EXTI_GetITStatus
    stm32f10x_it.o(i.EXTI9_5_IRQHandler) refers to stm32f10x_exti.o(i.EXTI_ClearITPendingBit) for EXTI_ClearITPendingBit
    stm32f10x_it.o(i.EXTI9_5_IRQHandler) refers to touchscreen.o(i.Pen_Int_Reset) for Pen_Int_Reset
    stm32f10x_it.o(i.EXTI9_5_IRQHandler) refers to touchscreen.o(i.TS_IRQ) for TS_IRQ
    stm32f10x_it.o(i.EXTI9_5_IRQHandler) refers to touchscreen.o(i.Pen_Int_Set) for Pen_Int_Set
    hw_config.o(i.BUTTON_Configuration) refers to stm32f10x_rcc.o(i.RCC_APB2PeriphClockCmd) for RCC_APB2PeriphClockCmd
    hw_config.o(i.BUTTON_Configuration) refers to stm32f10x_gpio.o(i.GPIO_Init) for GPIO_Init
    hw_config.o(i.EXTI_Configuration) refers to stm32f10x_gpio.o(i.GPIO_EXTILineConfig) for GPIO_EXTILineConfig
    hw_config.o(i.EXTI_Configuration) refers to stm32f10x_exti.o(i.EXTI_Init) for EXTI_Init
    hw_config.o(i.LED_Configuration) refers to stm32f10x_rcc.o(i.RCC_APB2PeriphClockCmd) for RCC_APB2PeriphClockCmd
    hw_config.o(i.LED_Configuration) refers to stm32f10x_gpio.o(i.GPIO_Init) for GPIO_Init
    hw_config.o(i.LED_Configuration) refers to stm32f10x_gpio.o(i.GPIO_WriteBit) for GPIO_WriteBit
    hw_config.o(i.NVIC_Configuration) refers to misc.o(i.NVIC_PriorityGroupConfig) for NVIC_PriorityGroupConfig
    hw_config.o(i.NVIC_Configuration) refers to misc.o(i.NVIC_Init) for NVIC_Init
    systick.o(i.Delay_Nms) refers to systick.o(i.Delay_Nus) for Delay_Nus
    usart.o(i.Init_USART) refers to stm32f10x_rcc.o(i.RCC_APB2PeriphClockCmd) for RCC_APB2PeriphClockCmd
    usart.o(i.Init_USART) refers to stm32f10x_gpio.o(i.GPIO_Init) for GPIO_Init
    usart.o(i.Init_USART) refers to stm32f10x_usart.o(i.USART_Init) for USART_Init
    usart.o(i.Init_USART) refers to stm32f10x_usart.o(i.USART_Cmd) for USART_Cmd
    usart.o(i.Init_USART) refers to stm32f10x_usart.o(i.USART_ITConfig) for USART_ITConfig
    usart.o(i.USART1_IRQ) refers to stm32f10x_usart.o(i.USART_GetFlagStatus) for USART_GetFlagStatus
    usart.o(i.USART1_IRQ) refers to stm32f10x_usart.o(i.USART_ClearFlag) for USART_ClearFlag
    usart.o(i.USART_GetChar) refers to stm32f10x_usart.o(i.USART_ReceiveData) for USART_ReceiveData
    usart.o(i.USART_SendChar) refers to stm32f10x_usart.o(i.USART_GetFlagStatus) for USART_GetFlagStatus
    usart.o(i.USART_SendChar) refers to stm32f10x_usart.o(i.USART_SendData) for USART_SendData
    usart.o(i.USART_SendStr) refers to usart.o(i.USART_SendChar) for USART_SendChar
    systemclock.o(i.RCC_Configuration) refers to stm32f10x_rcc.o(i.RCC_DeInit) for RCC_DeInit
    systemclock.o(i.RCC_Configuration) refers to stm32f10x_rcc.o(i.RCC_HSEConfig) for RCC_HSEConfig
    systemclock.o(i.RCC_Configuration) refers to stm32f10x_rcc.o(i.RCC_GetFlagStatus) for RCC_GetFlagStatus
    systemclock.o(i.RCC_Configuration) refers to stm32f10x_flash.o(i.FLASH_PrefetchBufferCmd) for FLASH_PrefetchBufferCmd
    systemclock.o(i.RCC_Configuration) refers to stm32f10x_flash.o(i.FLASH_SetLatency) for FLASH_SetLatency
    systemclock.o(i.RCC_Configuration) refers to stm32f10x_rcc.o(i.RCC_HCLKConfig) for RCC_HCLKConfig
    systemclock.o(i.RCC_Configuration) refers to stm32f10x_rcc.o(i.RCC_PCLK2Config) for RCC_PCLK2Config
    systemclock.o(i.RCC_Configuration) refers to stm32f10x_rcc.o(i.RCC_PCLK1Config) for RCC_PCLK1Config
    systemclock.o(i.RCC_Configuration) refers to stm32f10x_rcc.o(i.RCC_PLLConfig) for RCC_PLLConfig
    systemclock.o(i.RCC_Configuration) refers to stm32f10x_rcc.o(i.RCC_PLLCmd) for RCC_PLLCmd
    systemclock.o(i.RCC_Configuration) refers to stm32f10x_rcc.o(i.RCC_SYSCLKConfig) for RCC_SYSCLKConfig
    systemclock.o(i.RCC_Configuration) refers to stm32f10x_rcc.o(i.RCC_GetSYSCLKSource) for RCC_GetSYSCLKSource
    touchscreen.o(i.Get_Coordinate) refers to touchscreen.o(i.TS_Write_Cmd) for TS_Write_Cmd
    touchscreen.o(i.Get_Coordinate) refers to touchscreen.o(i.TS_Read_Data) for TS_Read_Data
    touchscreen.o(i.Get_Coordinate) refers to usart.o(i.USART_SendStr) for USART_SendStr
    touchscreen.o(i.Get_Coordinate) refers to main.o(.data) for coord
    touchscreen.o(i.TS_GPIO_Init) refers to stm32f10x_rcc.o(i.RCC_APB2PeriphClockCmd) for RCC_APB2PeriphClockCmd
    touchscreen.o(i.TS_GPIO_Init) refers to stm32f10x_gpio.o(i.GPIO_Init) for GPIO_Init
    touchscreen.o(i.TS_IRQ) refers to stm32f10x_gpio.o(i.GPIO_ReadInputDataBit) for GPIO_ReadInputDataBit
    touchscreen.o(i.TS_IRQ) refers to touchscreen.o(i.Get_Coordinate) for Get_Coordinate
    touchscreen.o(i.TS_IRQ) refers to lcd.o(i.LCD_DrawPoint) for LCD_DrawPoint
    touchscreen.o(i.TS_Read_Data) refers to stm32f10x_gpio.o(i.GPIO_ResetBits) for GPIO_ResetBits
    touchscreen.o(i.TS_Read_Data) refers to systick.o(i.Delay_Nus) for Delay_Nus
    touchscreen.o(i.TS_Read_Data) refers to stm32f10x_gpio.o(i.GPIO_SetBits) for GPIO_SetBits
    touchscreen.o(i.TS_Read_Data) refers to stm32f10x_gpio.o(i.GPIO_ReadInputDataBit) for GPIO_ReadInputDataBit
    touchscreen.o(i.TS_Write_Cmd) refers to stm32f10x_gpio.o(i.GPIO_ResetBits) for GPIO_ResetBits
    touchscreen.o(i.TS_Write_Cmd) refers to stm32f10x_gpio.o(i.GPIO_SetBits) for GPIO_SetBits
    touchscreen.o(i.TS_Write_Cmd) refers to systick.o(i.Delay_Nms) for Delay_Nms
    lcd.o(i.Draw_Circle) refers to lcd.o(i.LCD_DrawPoint) for LCD_DrawPoint
    lcd.o(i.LCD_Clear) refers to lcd.o(i.LCD_SetCursor) for LCD_SetCursor
    lcd.o(i.LCD_Configuration) refers to stm32f10x_rcc.o(i.RCC_AHBPeriphClockCmd) for RCC_AHBPeriphClockCmd
    lcd.o(i.LCD_Configuration) refers to stm32f10x_rcc.o(i.RCC_APB2PeriphClockCmd) for RCC_APB2PeriphClockCmd
    lcd.o(i.LCD_Configuration) refers to stm32f10x_gpio.o(i.GPIO_Init) for GPIO_Init
    lcd.o(i.LCD_Configuration) refers to stm32f10x_gpio.o(i.GPIO_ResetBits) for GPIO_ResetBits
    lcd.o(i.LCD_DrawLine) refers to lcd.o(i.LCD_DrawPoint) for LCD_DrawPoint
    lcd.o(i.LCD_DrawPicture) refers to lcd.o(i.LCD_WindowMax) for LCD_WindowMax
    lcd.o(i.LCD_DrawPicture) refers to lcd.o(i.LCD_SetCursor) for LCD_SetCursor
    lcd.o(i.LCD_DrawPicture) refers to lcd.o(.data) for .data
    lcd.o(i.LCD_DrawPoint) refers to lcd.o(i.LCD_SetCursor) for LCD_SetCursor
    lcd.o(i.LCD_DrawRectangle) refers to lcd.o(i.LCD_DrawLine) for LCD_DrawLine
    lcd.o(i.LCD_FSMCConfiguration) refers to stm32f10x_fsmc.o(i.FSMC_NORSRAMInit) for FSMC_NORSRAMInit
    lcd.o(i.LCD_FSMCConfiguration) refers to stm32f10x_fsmc.o(i.FSMC_NORSRAMCmd) for FSMC_NORSRAMCmd
    lcd.o(i.LCD_Fill) refers to lcd.o(i.LCD_WindowMax) for LCD_WindowMax
    lcd.o(i.LCD_Fill) refers to lcd.o(i.LCD_SetCursor) for LCD_SetCursor
    lcd.o(i.LCD_Init) refers to lcd.o(i.LCD_Configuration) for LCD_Configuration
    lcd.o(i.LCD_Init) refers to lcd.o(i.LCD_FSMCConfiguration) for LCD_FSMCConfiguration
    lcd.o(i.LCD_Init) refers to systick.o(i.Delay_Nms) for Delay_Nms
    lcd.o(i.LCD_Init) refers to lcd.o(i.LCD_ReadReg) for LCD_ReadReg
    lcd.o(i.LCD_Init) refers to lcd.o(i.LCD_WriteReg) for LCD_WriteReg
    lcd.o(i.LCD_Init) refers to lcd.o(i.LCD_Clear) for LCD_Clear
    lcd.o(i.LCD_Init) refers to lcd.o(.data) for .data
    lcd.o(i.LCD_SetCursor) refers to lcd.o(i.LCD_WriteReg) for LCD_WriteReg
    lcd.o(i.LCD_ShowChar) refers to lcd.o(i.LCD_WindowMax) for LCD_WindowMax
    lcd.o(i.LCD_ShowChar) refers to lcd.o(i.LCD_SetCursor) for LCD_SetCursor
    lcd.o(i.LCD_ShowChar) refers to lcd.o(.constdata) for .constdata
    lcd.o(i.LCD_ShowCharString) refers to lcd.o(i.LCD_Clear) for LCD_Clear
    lcd.o(i.LCD_ShowCharString) refers to lcd.o(i.LCD_ShowChar) for LCD_ShowChar
    lcd.o(i.LCD_ShowHzString) refers to lcd.o(i.LCD_Clear) for LCD_Clear
    lcd.o(i.LCD_ShowHzString) refers to lcd.o(i.findHzIndex) for findHzIndex
    lcd.o(i.LCD_ShowHzString) refers to lcd.o(i.WriteOneHz) for WriteOneHz
    lcd.o(i.LCD_ShowHzString) refers to lcd.o(.constdata) for .constdata
    lcd.o(i.LCD_ShowNum) refers to lcd.o(i.mypow) for mypow
    lcd.o(i.LCD_ShowNum) refers to lcd.o(i.LCD_ShowChar) for LCD_ShowChar
    lcd.o(i.LCD_ShowString) refers to lcd.o(i.LCD_ShowHzString) for LCD_ShowHzString
    lcd.o(i.LCD_ShowString) refers to lcd.o(i.LCD_ShowCharString) for LCD_ShowCharString
    lcd.o(i.LCD_WindowMax) refers to lcd.o(i.LCD_WriteReg) for LCD_WriteReg
    lcd.o(i.WriteOneHz) refers to lcd.o(i.LCD_WindowMax) for LCD_WindowMax
    lcd.o(i.WriteOneHz) refers to lcd.o(i.LCD_SetCursor) for LCD_SetCursor
    lcd.o(i.findHzIndex) refers to lcd.o(.constdata) for .constdata
    stm32f10x_cec.o(i.CEC_DeInit) refers to stm32f10x_rcc.o(i.RCC_APB1PeriphResetCmd) for RCC_APB1PeriphResetCmd
    stm32f10x_flash.o(i.FLASH_EnableWriteProtection) refers to stm32f10x_flash.o(i.FLASH_WaitForLastOperation) for FLASH_WaitForLastOperation
    stm32f10x_flash.o(i.FLASH_EraseAllBank1Pages) refers to stm32f10x_flash.o(i.FLASH_WaitForLastBank1Operation) for FLASH_WaitForLastBank1Operation
    stm32f10x_flash.o(i.FLASH_EraseAllPages) refers to stm32f10x_flash.o(i.FLASH_WaitForLastOperation) for FLASH_WaitForLastOperation
    stm32f10x_flash.o(i.FLASH_EraseOptionBytes) refers to stm32f10x_flash.o(i.FLASH_GetReadOutProtectionStatus) for FLASH_GetReadOutProtectionStatus
    stm32f10x_flash.o(i.FLASH_EraseOptionBytes) refers to stm32f10x_flash.o(i.FLASH_WaitForLastOperation) for FLASH_WaitForLastOperation
    stm32f10x_flash.o(i.FLASH_ErasePage) refers to stm32f10x_flash.o(i.FLASH_WaitForLastOperation) for FLASH_WaitForLastOperation
    stm32f10x_flash.o(i.FLASH_ProgramHalfWord) refers to stm32f10x_flash.o(i.FLASH_WaitForLastOperation) for FLASH_WaitForLastOperation
    stm32f10x_flash.o(i.FLASH_ProgramOptionByteData) refers to stm32f10x_flash.o(i.FLASH_WaitForLastOperation) for FLASH_WaitForLastOperation
    stm32f10x_flash.o(i.FLASH_ProgramWord) refers to stm32f10x_flash.o(i.FLASH_WaitForLastOperation) for FLASH_WaitForLastOperation
    stm32f10x_flash.o(i.FLASH_ReadOutProtection) refers to stm32f10x_flash.o(i.FLASH_WaitForLastOperation) for FLASH_WaitForLastOperation
    stm32f10x_flash.o(i.FLASH_UserOptionByteConfig) refers to stm32f10x_flash.o(i.FLASH_WaitForLastOperation) for FLASH_WaitForLastOperation
    stm32f10x_flash.o(i.FLASH_WaitForLastBank1Operation) refers to stm32f10x_flash.o(i.FLASH_GetBank1Status) for FLASH_GetBank1Status
    stm32f10x_flash.o(i.FLASH_WaitForLastOperation) refers to stm32f10x_flash.o(i.FLASH_GetBank1Status) for FLASH_GetBank1Status
    stm32f10x_gpio.o(i.GPIO_AFIODeInit) refers to stm32f10x_rcc.o(i.RCC_APB2PeriphResetCmd) for RCC_APB2PeriphResetCmd
    stm32f10x_gpio.o(i.GPIO_DeInit) refers to stm32f10x_rcc.o(i.RCC_APB2PeriphResetCmd) for RCC_APB2PeriphResetCmd
    stm32f10x_rcc.o(i.RCC_GetClocksFreq) refers to stm32f10x_rcc.o(.data) for .data
    stm32f10x_rcc.o(i.RCC_WaitForHSEStartUp) refers to stm32f10x_rcc.o(i.RCC_GetFlagStatus) for RCC_GetFlagStatus
    stm32f10x_usart.o(i.USART_DeInit) refers to stm32f10x_rcc.o(i.RCC_APB2PeriphResetCmd) for RCC_APB2PeriphResetCmd
    stm32f10x_usart.o(i.USART_DeInit) refers to stm32f10x_rcc.o(i.RCC_APB1PeriphResetCmd) for RCC_APB1PeriphResetCmd
    stm32f10x_usart.o(i.USART_Init) refers to stm32f10x_rcc.o(i.RCC_GetClocksFreq) for RCC_GetClocksFreq
    startup_stm32f10x_hd.o(RESET) refers to startup_stm32f10x_hd.o(STACK) for __initial_sp
    startup_stm32f10x_hd.o(RESET) refers to startup_stm32f10x_hd.o(.text) for Reset_Handler
    startup_stm32f10x_hd.o(RESET) refers to stm32f10x_it.o(i.NMI_Handler) for NMI_Handler
    startup_stm32f10x_hd.o(RESET) refers to stm32f10x_it.o(i.HardFault_Handler) for HardFault_Handler
    startup_stm32f10x_hd.o(RESET) refers to stm32f10x_it.o(i.MemManage_Handler) for MemManage_Handler
    startup_stm32f10x_hd.o(RESET) refers to stm32f10x_it.o(i.BusFault_Handler) for BusFault_Handler
    startup_stm32f10x_hd.o(RESET) refers to stm32f10x_it.o(i.UsageFault_Handler) for UsageFault_Handler
    startup_stm32f10x_hd.o(RESET) refers to stm32f10x_it.o(i.SVC_Handler) for SVC_Handler
    startup_stm32f10x_hd.o(RESET) refers to stm32f10x_it.o(i.DebugMon_Handler) for DebugMon_Handler
    startup_stm32f10x_hd.o(RESET) refers to stm32f10x_it.o(i.PendSV_Handler) for PendSV_Handler
    startup_stm32f10x_hd.o(RESET) refers to stm32f10x_it.o(i.SysTick_Handler) for SysTick_Handler
    startup_stm32f10x_hd.o(RESET) refers to stm32f10x_it.o(i.EXTI3_IRQHandler) for EXTI3_IRQHandler
    startup_stm32f10x_hd.o(RESET) refers to stm32f10x_it.o(i.EXTI9_5_IRQHandler) for EXTI9_5_IRQHandler
    startup_stm32f10x_hd.o(.text) refers to system_stm32f10x.o(i.SystemInit) for SystemInit
    startup_stm32f10x_hd.o(.text) refers to entry.o(.ARM.Collect$$$$00000000) for __main
    system_stm32f10x.o(i.SystemCoreClockUpdate) refers to system_stm32f10x.o(.data) for .data
    system_stm32f10x.o(i.SystemInit) refers to system_stm32f10x.o(i.SetSysClockTo72) for SetSysClockTo72
    entry.o(.ARM.Collect$$$$00000000) refers (Special) to entry7b.o(.ARM.Collect$$$$00000008) for _main_clock
    entry.o(.ARM.Collect$$$$00000000) refers (Special) to entry8.o(.ARM.Collect$$$$00000009) for _main_init
    entry.o(.ARM.Collect$$$$00000000) refers (Special) to entry5.o(.ARM.Collect$$$$00000004) for _main_scatterload
    entry.o(.ARM.Collect$$$$00000000) refers (Special) to entry2.o(.ARM.Collect$$$$00000001) for _main_stk
    entry2.o(.ARM.Collect$$$$00000001) refers to entry2.o(.ARM.Collect$$$$00002712) for __lit__00000000
    entry2.o(.ARM.Collect$$$$00002712) refers to startup_stm32f10x_hd.o(STACK) for __initial_sp
    entry2.o(__vectab_stack_and_reset_area) refers to startup_stm32f10x_hd.o(STACK) for __initial_sp
    entry2.o(__vectab_stack_and_reset_area) refers to entry.o(.ARM.Collect$$$$00000000) for __main
    entry5.o(.ARM.Collect$$$$00000004) refers to init.o(.text) for __scatterload
    entry8.o(.ARM.Collect$$$$00000009) refers to main.o(i.main) for main
    init.o(.text) refers to entry5.o(.ARM.Collect$$$$00000004) for __main_after_scatterload


==============================================================================

Removing Unused input sections from the image.

    Removing main.o(.constdata), (9608 bytes).
    Removing usart.o(i.USART1_IRQ), (36 bytes).
    Removing usart.o(i.USART_GetChar), (10 bytes).
    Removing lcd.o(i.LCD_DrawLine), (166 bytes).
    Removing lcd.o(i.LCD_DrawPicture), (108 bytes).
    Removing lcd.o(i.LCD_DrawRectangle), (56 bytes).
    Removing lcd.o(i.LCD_RGBtoBGR), (18 bytes).
    Removing lcd.o(i.LCD_ShowCharString), (68 bytes).
    Removing lcd.o(i.LCD_ShowHzString), (80 bytes).
    Removing lcd.o(i.LCD_ShowString), (60 bytes).
    Removing lcd.o(i.LCD_WR_DATA), (8 bytes).
    Removing lcd.o(i.LCD_WR_REG), (8 bytes).
    Removing lcd.o(i.LCD_WriteRAM), (8 bytes).
    Removing lcd.o(i.LCD_WriteRAM_Prepare), (10 bytes).
    Removing lcd.o(i.WriteOneHz), (136 bytes).
    Removing lcd.o(i.findHzIndex), (52 bytes).
    Removing misc.o(i.NVIC_SetVectorTable), (20 bytes).
    Removing misc.o(i.NVIC_SystemLPConfig), (24 bytes).
    Removing misc.o(i.SysTick_CLKSourceConfig), (24 bytes).
    Removing stm32f10x_cec.o(i.CEC_ClearFlag), (32 bytes).
    Removing stm32f10x_cec.o(i.CEC_ClearITPendingBit), (32 bytes).
    Removing stm32f10x_cec.o(i.CEC_Cmd), (28 bytes).
    Removing stm32f10x_cec.o(i.CEC_DeInit), (24 bytes).
    Removing stm32f10x_cec.o(i.CEC_EndOfMessageCmd), (12 bytes).
    Removing stm32f10x_cec.o(i.CEC_GetFlagStatus), (36 bytes).
    Removing stm32f10x_cec.o(i.CEC_GetITStatus), (36 bytes).
    Removing stm32f10x_cec.o(i.CEC_ITConfig), (12 bytes).
    Removing stm32f10x_cec.o(i.CEC_Init), (24 bytes).
    Removing stm32f10x_cec.o(i.CEC_OwnAddressConfig), (12 bytes).
    Removing stm32f10x_cec.o(i.CEC_ReceiveDataByte), (12 bytes).
    Removing stm32f10x_cec.o(i.CEC_SendDataByte), (12 bytes).
    Removing stm32f10x_cec.o(i.CEC_SetPrescaler), (12 bytes).
    Removing stm32f10x_cec.o(i.CEC_StartOfMessage), (12 bytes).
    Removing stm32f10x_exti.o(i.EXTI_ClearFlag), (12 bytes).
    Removing stm32f10x_exti.o(i.EXTI_DeInit), (36 bytes).
    Removing stm32f10x_exti.o(i.EXTI_GenerateSWInterrupt), (16 bytes).
    Removing stm32f10x_exti.o(i.EXTI_GetFlagStatus), (20 bytes).
    Removing stm32f10x_exti.o(i.EXTI_StructInit), (14 bytes).
    Removing stm32f10x_flash.o(i.FLASH_ClearFlag), (12 bytes).
    Removing stm32f10x_flash.o(i.FLASH_EnableWriteProtection), (172 bytes).
    Removing stm32f10x_flash.o(i.FLASH_EraseAllBank1Pages), (56 bytes).
    Removing stm32f10x_flash.o(i.FLASH_EraseAllPages), (56 bytes).
    Removing stm32f10x_flash.o(i.FLASH_EraseOptionBytes), (124 bytes).
    Removing stm32f10x_flash.o(i.FLASH_ErasePage), (60 bytes).
    Removing stm32f10x_flash.o(i.FLASH_GetBank1Status), (40 bytes).
    Removing stm32f10x_flash.o(i.FLASH_GetFlagStatus), (32 bytes).
    Removing stm32f10x_flash.o(i.FLASH_GetPrefetchBufferStatus), (20 bytes).
    Removing stm32f10x_flash.o(i.FLASH_GetReadOutProtectionStatus), (20 bytes).
    Removing stm32f10x_flash.o(i.FLASH_GetStatus), (40 bytes).
    Removing stm32f10x_flash.o(i.FLASH_GetUserOptionByte), (12 bytes).
    Removing stm32f10x_flash.o(i.FLASH_GetWriteProtectionOptionByte), (12 bytes).
    Removing stm32f10x_flash.o(i.FLASH_HalfCycleAccessCmd), (24 bytes).
    Removing stm32f10x_flash.o(i.FLASH_ITConfig), (24 bytes).
    Removing stm32f10x_flash.o(i.FLASH_Lock), (16 bytes).
    Removing stm32f10x_flash.o(i.FLASH_LockBank1), (16 bytes).
    Removing stm32f10x_flash.o(i.FLASH_ProgramHalfWord), (52 bytes).
    Removing stm32f10x_flash.o(i.FLASH_ProgramOptionByteData), (76 bytes).
    Removing stm32f10x_flash.o(i.FLASH_ProgramWord), (72 bytes).
    Removing stm32f10x_flash.o(i.FLASH_ReadOutProtection), (136 bytes).
    Removing stm32f10x_flash.o(i.FLASH_Unlock), (24 bytes).
    Removing stm32f10x_flash.o(i.FLASH_UnlockBank1), (24 bytes).
    Removing stm32f10x_flash.o(i.FLASH_UserOptionByteConfig), (96 bytes).
    Removing stm32f10x_flash.o(i.FLASH_WaitForLastBank1Operation), (36 bytes).
    Removing stm32f10x_flash.o(i.FLASH_WaitForLastOperation), (36 bytes).
    Removing stm32f10x_gpio.o(i.GPIO_AFIODeInit), (22 bytes).
    Removing stm32f10x_gpio.o(i.GPIO_DeInit), (180 bytes).
    Removing stm32f10x_gpio.o(i.GPIO_ETH_MediaInterfaceConfig), (12 bytes).
    Removing stm32f10x_gpio.o(i.GPIO_EventOutputCmd), (12 bytes).
    Removing stm32f10x_gpio.o(i.GPIO_EventOutputConfig), (28 bytes).
    Removing stm32f10x_gpio.o(i.GPIO_PinLockConfig), (16 bytes).
    Removing stm32f10x_gpio.o(i.GPIO_PinRemapConfig), (88 bytes).
    Removing stm32f10x_gpio.o(i.GPIO_ReadInputData), (6 bytes).
    Removing stm32f10x_gpio.o(i.GPIO_ReadOutputData), (6 bytes).
    Removing stm32f10x_gpio.o(i.GPIO_ReadOutputDataBit), (14 bytes).
    Removing stm32f10x_gpio.o(i.GPIO_StructInit), (16 bytes).
    Removing stm32f10x_gpio.o(i.GPIO_Write), (4 bytes).
    Removing stm32f10x_rcc.o(i.RCC_ADCCLKConfig), (20 bytes).
    Removing stm32f10x_rcc.o(i.RCC_APB1PeriphClockCmd), (24 bytes).
    Removing stm32f10x_rcc.o(i.RCC_APB1PeriphResetCmd), (24 bytes).
    Removing stm32f10x_rcc.o(i.RCC_APB2PeriphResetCmd), (24 bytes).
    Removing stm32f10x_rcc.o(i.RCC_AdjustHSICalibrationValue), (20 bytes).
    Removing stm32f10x_rcc.o(i.RCC_BackupResetCmd), (12 bytes).
    Removing stm32f10x_rcc.o(i.RCC_ClearFlag), (16 bytes).
    Removing stm32f10x_rcc.o(i.RCC_ClearITPendingBit), (12 bytes).
    Removing stm32f10x_rcc.o(i.RCC_ClockSecuritySystemCmd), (12 bytes).
    Removing stm32f10x_rcc.o(i.RCC_GetITStatus), (20 bytes).
    Removing stm32f10x_rcc.o(i.RCC_HSICmd), (12 bytes).
    Removing stm32f10x_rcc.o(i.RCC_ITConfig), (24 bytes).
    Removing stm32f10x_rcc.o(i.RCC_LSEConfig), (32 bytes).
    Removing stm32f10x_rcc.o(i.RCC_LSICmd), (12 bytes).
    Removing stm32f10x_rcc.o(i.RCC_MCOConfig), (12 bytes).
    Removing stm32f10x_rcc.o(i.RCC_RTCCLKCmd), (12 bytes).
    Removing stm32f10x_rcc.o(i.RCC_RTCCLKConfig), (16 bytes).
    Removing stm32f10x_rcc.o(i.RCC_USBCLKConfig), (12 bytes).
    Removing stm32f10x_rcc.o(i.RCC_WaitForHSEStartUp), (38 bytes).
    Removing stm32f10x_usart.o(i.USART_ClearFlag), (6 bytes).
    Removing stm32f10x_usart.o(i.USART_ClearITPendingBit), (12 bytes).
    Removing stm32f10x_usart.o(i.USART_ClockInit), (30 bytes).
    Removing stm32f10x_usart.o(i.USART_ClockStructInit), (12 bytes).
    Removing stm32f10x_usart.o(i.USART_DMACmd), (16 bytes).
    Removing stm32f10x_usart.o(i.USART_DeInit), (116 bytes).
    Removing stm32f10x_usart.o(i.USART_GetITStatus), (62 bytes).
    Removing stm32f10x_usart.o(i.USART_HalfDuplexCmd), (20 bytes).
    Removing stm32f10x_usart.o(i.USART_IrDACmd), (20 bytes).
    Removing stm32f10x_usart.o(i.USART_IrDAConfig), (16 bytes).
    Removing stm32f10x_usart.o(i.USART_LINBreakDetectLengthConfig), (16 bytes).
    Removing stm32f10x_usart.o(i.USART_LINCmd), (20 bytes).
    Removing stm32f10x_usart.o(i.USART_OneBitMethodCmd), (20 bytes).
    Removing stm32f10x_usart.o(i.USART_OverSampling8Cmd), (20 bytes).
    Removing stm32f10x_usart.o(i.USART_ReceiveData), (8 bytes).
    Removing stm32f10x_usart.o(i.USART_ReceiverWakeUpCmd), (20 bytes).
    Removing stm32f10x_usart.o(i.USART_SendBreak), (10 bytes).
    Removing stm32f10x_usart.o(i.USART_SetAddress), (16 bytes).
    Removing stm32f10x_usart.o(i.USART_SetGuardTime), (16 bytes).
    Removing stm32f10x_usart.o(i.USART_SetPrescaler), (16 bytes).
    Removing stm32f10x_usart.o(i.USART_SmartCardCmd), (20 bytes).
    Removing stm32f10x_usart.o(i.USART_SmartCardNACKCmd), (20 bytes).
    Removing stm32f10x_usart.o(i.USART_StructInit), (22 bytes).
    Removing stm32f10x_usart.o(i.USART_WakeUpConfig), (16 bytes).
    Removing stm32f10x_fsmc.o(i.FSMC_ClearFlag), (42 bytes).
    Removing stm32f10x_fsmc.o(i.FSMC_ClearITPendingBit), (44 bytes).
    Removing stm32f10x_fsmc.o(i.FSMC_GetECC), (18 bytes).
    Removing stm32f10x_fsmc.o(i.FSMC_GetFlagStatus), (40 bytes).
    Removing stm32f10x_fsmc.o(i.FSMC_GetITStatus), (48 bytes).
    Removing stm32f10x_fsmc.o(i.FSMC_ITConfig), (80 bytes).
    Removing stm32f10x_fsmc.o(i.FSMC_NANDCmd), (56 bytes).
    Removing stm32f10x_fsmc.o(i.FSMC_NANDDeInit), (40 bytes).
    Removing stm32f10x_fsmc.o(i.FSMC_NANDECCCmd), (56 bytes).
    Removing stm32f10x_fsmc.o(i.FSMC_NANDInit), (104 bytes).
    Removing stm32f10x_fsmc.o(i.FSMC_NANDStructInit), (54 bytes).
    Removing stm32f10x_fsmc.o(i.FSMC_NORSRAMDeInit), (36 bytes).
    Removing stm32f10x_fsmc.o(i.FSMC_NORSRAMStructInit), (98 bytes).
    Removing stm32f10x_fsmc.o(i.FSMC_PCCARDCmd), (32 bytes).
    Removing stm32f10x_fsmc.o(i.FSMC_PCCARDDeInit), (28 bytes).
    Removing stm32f10x_fsmc.o(i.FSMC_PCCARDInit), (116 bytes).
    Removing stm32f10x_fsmc.o(i.FSMC_PCCARDStructInit), (60 bytes).
    Removing core_cm3.o(.emb_text), (32 bytes).
    Removing startup_stm32f10x_hd.o(HEAP), (512 bytes).
    Removing system_stm32f10x.o(i.SystemCoreClockUpdate), (104 bytes).
    Removing system_stm32f10x.o(.data), (20 bytes).

140 unused section(s) (total 15110 bytes) removed from the image.

==============================================================================

Image Symbol Table

    Local Symbols

    Symbol Name                              Value     Ov Type        Size  Object(Section)

    ../../microlib/init/entry.s              0x00000000   Number         0  entry2.o ABSOLUTE
    ../../microlib/init/entry.s              0x00000000   Number         0  entry8.o ABSOLUTE
    ../../microlib/init/entry.s              0x00000000   Number         0  entry7b.o ABSOLUTE
    ../../microlib/init/entry.s              0x00000000   Number         0  entry7a.o ABSOLUTE
    ../../microlib/init/entry.s              0x00000000   Number         0  entry5.o ABSOLUTE
    ../../microlib/init/entry.s              0x00000000   Number         0  entry.o ABSOLUTE
    ..\Libraries\CMSIS\CoreSupport\core_cm3.c 0x00000000   Number         0  core_cm3.o ABSOLUTE
    ..\Libraries\CMSIS\DeviceSupport\Startup\startup_stm32f10x_hd.s 0x00000000   Number         0  startup_stm32f10x_hd.o ABSOLUTE
    ..\Libraries\CMSIS\DeviceSupport\system_stm32f10x.c 0x00000000   Number         0  system_stm32f10x.o ABSOLUTE
    ..\Libraries\src\misc.c                  0x00000000   Number         0  misc.o ABSOLUTE
    ..\Libraries\src\stm32f10x_cec.c         0x00000000   Number         0  stm32f10x_cec.o ABSOLUTE
    ..\Libraries\src\stm32f10x_exti.c        0x00000000   Number         0  stm32f10x_exti.o ABSOLUTE
    ..\Libraries\src\stm32f10x_flash.c       0x00000000   Number         0  stm32f10x_flash.o ABSOLUTE
    ..\Libraries\src\stm32f10x_fsmc.c        0x00000000   Number         0  stm32f10x_fsmc.o ABSOLUTE
    ..\Libraries\src\stm32f10x_gpio.c        0x00000000   Number         0  stm32f10x_gpio.o ABSOLUTE
    ..\Libraries\src\stm32f10x_rcc.c         0x00000000   Number         0  stm32f10x_rcc.o ABSOLUTE
    ..\Libraries\src\stm32f10x_usart.c       0x00000000   Number         0  stm32f10x_usart.o ABSOLUTE
    ..\User\SystemClock.c                    0x00000000   Number         0  systemclock.o ABSOLUTE
    ..\User\hw_config.c                      0x00000000   Number         0  hw_config.o ABSOLUTE
    ..\User\lcd.c                            0x00000000   Number         0  lcd.o ABSOLUTE
    ..\User\main.c                           0x00000000   Number         0  main.o ABSOLUTE
    ..\User\stm32f10x_it.c                   0x00000000   Number         0  stm32f10x_it.o ABSOLUTE
    ..\User\systick.c                        0x00000000   Number         0  systick.o ABSOLUTE
    ..\User\touchscreen.c                    0x00000000   Number         0  touchscreen.o ABSOLUTE
    ..\User\usart.c                          0x00000000   Number         0  usart.o ABSOLUTE
    ..\\Libraries\\CMSIS\\CoreSupport\\core_cm3.c 0x00000000   Number         0  core_cm3.o ABSOLUTE
    dc.s                                     0x00000000   Number         0  dc.o ABSOLUTE
    handlers.s                               0x00000000   Number         0  handlers.o ABSOLUTE
    init.s                                   0x00000000   Number         0  init.o ABSOLUTE
    RESET                                    0x08000000   Section      304  startup_stm32f10x_hd.o(RESET)
    .ARM.Collect$$$$00000000                 0x08000130   Section        0  entry.o(.ARM.Collect$$$$00000000)
    .ARM.Collect$$$$00000001                 0x08000130   Section        4  entry2.o(.ARM.Collect$$$$00000001)
    .ARM.Collect$$$$00000004                 0x08000134   Section        4  entry5.o(.ARM.Collect$$$$00000004)
    .ARM.Collect$$$$00000008                 0x08000138   Section        0  entry7b.o(.ARM.Collect$$$$00000008)
    .ARM.Collect$$$$00000009                 0x08000138   Section        8  entry8.o(.ARM.Collect$$$$00000009)
    .ARM.Collect$$$$00002712                 0x08000140   Section        4  entry2.o(.ARM.Collect$$$$00002712)
    __lit__00000000                          0x08000140   Data           4  entry2.o(.ARM.Collect$$$$00002712)
    .text                                    0x08000144   Section       36  startup_stm32f10x_hd.o(.text)
    .text                                    0x08000168   Section       36  init.o(.text)
    i.BUTTON_Configuration                   0x0800018c   Section        0  hw_config.o(i.BUTTON_Configuration)
    i.BusFault_Handler                       0x080001d8   Section        0  stm32f10x_it.o(i.BusFault_Handler)
    i.DebugMon_Handler                       0x080001da   Section        0  stm32f10x_it.o(i.DebugMon_Handler)
    i.Delay_Nms                              0x080001dc   Section        0  systick.o(i.Delay_Nms)
    i.Delay_Nus                              0x080001f4   Section        0  systick.o(i.Delay_Nus)
    i.Draw_Circle                            0x08000208   Section        0  lcd.o(i.Draw_Circle)
    i.EXTI3_IRQHandler                       0x080002d8   Section        0  stm32f10x_it.o(i.EXTI3_IRQHandler)
    i.EXTI9_5_IRQHandler                     0x0800030c   Section        0  stm32f10x_it.o(i.EXTI9_5_IRQHandler)
    i.EXTI_ClearITPendingBit                 0x08000330   Section        0  stm32f10x_exti.o(i.EXTI_ClearITPendingBit)
    i.EXTI_Configuration                     0x0800033c   Section        0  hw_config.o(i.EXTI_Configuration)
    i.EXTI_GetITStatus                       0x08000384   Section        0  stm32f10x_exti.o(i.EXTI_GetITStatus)
    i.EXTI_Init                              0x080003a4   Section        0  stm32f10x_exti.o(i.EXTI_Init)
    i.FLASH_PrefetchBufferCmd                0x08000414   Section        0  stm32f10x_flash.o(i.FLASH_PrefetchBufferCmd)
    i.FLASH_SetLatency                       0x0800042c   Section        0  stm32f10x_flash.o(i.FLASH_SetLatency)
    i.FSMC_NORSRAMCmd                        0x08000440   Section        0  stm32f10x_fsmc.o(i.FSMC_NORSRAMCmd)
    i.FSMC_NORSRAMInit                       0x08000460   Section        0  stm32f10x_fsmc.o(i.FSMC_NORSRAMInit)
    i.GPIO_EXTILineConfig                    0x08000520   Section        0  stm32f10x_gpio.o(i.GPIO_EXTILineConfig)
    i.GPIO_Init                              0x08000548   Section        0  stm32f10x_gpio.o(i.GPIO_Init)
    i.GPIO_ReadInputDataBit                  0x080005ec   Section        0  stm32f10x_gpio.o(i.GPIO_ReadInputDataBit)
    i.GPIO_ResetBits                         0x080005fa   Section        0  stm32f10x_gpio.o(i.GPIO_ResetBits)
    i.GPIO_SetBits                           0x080005fe   Section        0  stm32f10x_gpio.o(i.GPIO_SetBits)
    i.GPIO_WriteBit                          0x08000602   Section        0  stm32f10x_gpio.o(i.GPIO_WriteBit)
    i.Get_Coordinate                         0x0800060c   Section        0  touchscreen.o(i.Get_Coordinate)
    i.HardFault_Handler                      0x08000754   Section        0  stm32f10x_it.o(i.HardFault_Handler)
    i.Init_USART                             0x08000758   Section        0  usart.o(i.Init_USART)
    i.LCD_Clear                              0x080007ec   Section        0  lcd.o(i.LCD_Clear)
    i.LCD_Configuration                      0x08000810   Section        0  lcd.o(i.LCD_Configuration)
    i.LCD_DrawPoint                          0x0800089c   Section        0  lcd.o(i.LCD_DrawPoint)
    i.LCD_FSMCConfiguration                  0x080008b2   Section        0  lcd.o(i.LCD_FSMCConfiguration)
    i.LCD_Fill                               0x08000900   Section        0  lcd.o(i.LCD_Fill)
    i.LCD_Init                               0x08000948   Section        0  lcd.o(i.LCD_Init)
    i.LCD_ReadReg                            0x08000aa4   Section        0  lcd.o(i.LCD_ReadReg)
    i.LCD_SetCursor                          0x08000ab0   Section        0  lcd.o(i.LCD_SetCursor)
    i.LCD_ShowChar                           0x08000ac8   Section        0  lcd.o(i.LCD_ShowChar)
    i.LCD_ShowNum                            0x08000b60   Section        0  lcd.o(i.LCD_ShowNum)
    i.LCD_WindowMax                          0x08000bd2   Section        0  lcd.o(i.LCD_WindowMax)
    i.LCD_WriteReg                           0x08000bfe   Section        0  lcd.o(i.LCD_WriteReg)
    i.LED_Configuration                      0x08000c08   Section        0  hw_config.o(i.LED_Configuration)
    i.MemManage_Handler                      0x08000c60   Section        0  stm32f10x_it.o(i.MemManage_Handler)
    i.NMI_Handler                            0x08000c62   Section        0  stm32f10x_it.o(i.NMI_Handler)
    i.NVIC_Configuration                     0x08000c64   Section        0  hw_config.o(i.NVIC_Configuration)
    i.NVIC_Init                              0x08000c8c   Section        0  misc.o(i.NVIC_Init)
    i.NVIC_PriorityGroupConfig               0x08000cf0   Section        0  misc.o(i.NVIC_PriorityGroupConfig)
    i.Pen_Int_Reset                          0x08000d04   Section        0  touchscreen.o(i.Pen_Int_Reset)
    i.Pen_Int_Set                            0x08000d14   Section        0  touchscreen.o(i.Pen_Int_Set)
    i.PendSV_Handler                         0x08000d24   Section        0  stm32f10x_it.o(i.PendSV_Handler)
    i.RCC_AHBPeriphClockCmd                  0x08000d28   Section        0  stm32f10x_rcc.o(i.RCC_AHBPeriphClockCmd)
    i.RCC_APB2PeriphClockCmd                 0x08000d40   Section        0  stm32f10x_rcc.o(i.RCC_APB2PeriphClockCmd)
    i.RCC_Configuration                      0x08000d58   Section        0  systemclock.o(i.RCC_Configuration)
    i.RCC_DeInit                             0x08000dc0   Section        0  stm32f10x_rcc.o(i.RCC_DeInit)
    i.RCC_GetClocksFreq                      0x08000e00   Section        0  stm32f10x_rcc.o(i.RCC_GetClocksFreq)
    i.RCC_GetFlagStatus                      0x08000e9c   Section        0  stm32f10x_rcc.o(i.RCC_GetFlagStatus)
    i.RCC_GetSYSCLKSource                    0x08000ecc   Section        0  stm32f10x_rcc.o(i.RCC_GetSYSCLKSource)
    i.RCC_HCLKConfig                         0x08000edc   Section        0  stm32f10x_rcc.o(i.RCC_HCLKConfig)
    i.RCC_HSEConfig                          0x08000ef0   Section        0  stm32f10x_rcc.o(i.RCC_HSEConfig)
    i.RCC_PCLK1Config                        0x08000f24   Section        0  stm32f10x_rcc.o(i.RCC_PCLK1Config)
    i.RCC_PCLK2Config                        0x08000f38   Section        0  stm32f10x_rcc.o(i.RCC_PCLK2Config)
    i.RCC_PLLCmd                             0x08000f4c   Section        0  stm32f10x_rcc.o(i.RCC_PLLCmd)
    i.RCC_PLLConfig                          0x08000f58   Section        0  stm32f10x_rcc.o(i.RCC_PLLConfig)
    i.RCC_SYSCLKConfig                       0x08000f6c   Section        0  stm32f10x_rcc.o(i.RCC_SYSCLKConfig)
    i.SVC_Handler                            0x08000f80   Section        0  stm32f10x_it.o(i.SVC_Handler)
    i.SetSysClockTo72                        0x08000f84   Section        0  system_stm32f10x.o(i.SetSysClockTo72)
    SetSysClockTo72                          0x08000f85   Thumb Code   138  system_stm32f10x.o(i.SetSysClockTo72)
    i.SysTick_Handler                        0x08001018   Section        0  stm32f10x_it.o(i.SysTick_Handler)
    i.SystemInit                             0x0800101c   Section        0  system_stm32f10x.o(i.SystemInit)
    i.TS_GPIO_Init                           0x0800106c   Section        0  touchscreen.o(i.TS_GPIO_Init)
    i.TS_IRQ                                 0x08001124   Section        0  touchscreen.o(i.TS_IRQ)
    i.TS_Read_Data                           0x080011f0   Section        0  touchscreen.o(i.TS_Read_Data)
    i.TS_Write_Cmd                           0x0800128c   Section        0  touchscreen.o(i.TS_Write_Cmd)
    i.USART_Cmd                              0x08001304   Section        0  stm32f10x_usart.o(i.USART_Cmd)
    i.USART_GetFlagStatus                    0x08001318   Section        0  stm32f10x_usart.o(i.USART_GetFlagStatus)
    i.USART_ITConfig                         0x08001326   Section        0  stm32f10x_usart.o(i.USART_ITConfig)
    i.USART_Init                             0x08001358   Section        0  stm32f10x_usart.o(i.USART_Init)
    i.USART_SendChar                         0x0800140c   Section        0  usart.o(i.USART_SendChar)
    i.USART_SendData                         0x0800142a   Section        0  stm32f10x_usart.o(i.USART_SendData)
    i.USART_SendStr                          0x08001432   Section        0  usart.o(i.USART_SendStr)
    i.UsageFault_Handler                     0x0800144a   Section        0  stm32f10x_it.o(i.UsageFault_Handler)
    i.__scatterload_copy                     0x0800144c   Section       14  handlers.o(i.__scatterload_copy)
    i.__scatterload_null                     0x0800145a   Section        2  handlers.o(i.__scatterload_null)
    i.__scatterload_zeroinit                 0x0800145c   Section       14  handlers.o(i.__scatterload_zeroinit)
    i.main                                   0x0800146c   Section        0  main.o(i.main)
    i.mypow                                  0x08001590   Section        0  lcd.o(i.mypow)
    .constdata                               0x080015a4   Section     4088  lcd.o(.constdata)
    .data                                    0x20000000   Section       48  main.o(.data)
    .data                                    0x20000030   Section        4  main.o(.data)
    .data                                    0x20000034   Section        6  lcd.o(.data)
    i                                        0x20000034   Data           2  lcd.o(.data)
    j                                        0x20000036   Data           2  lcd.o(.data)
    .data                                    0x2000003a   Section       20  stm32f10x_rcc.o(.data)
    ADCPrescTable                            0x2000003a   Data           4  stm32f10x_rcc.o(.data)
    APBAHBPrescTable                         0x2000003e   Data          16  stm32f10x_rcc.o(.data)
    STACK                                    0x20000050   Section     1024  startup_stm32f10x_hd.o(STACK)

    Global Symbols

    Symbol Name                              Value     Ov Type        Size  Object(Section)

    BuildAttributes$$THM_ISAv4$P$D$K$B$S$PE$A:L22UL41UL21$X:L11$S22US41US21$IEEE1$IW$USESV6$~STKCKD$USESV7$~SHL$OSPACE$EBA8$MICROLIB$REQ8$PRES8$EABIv2 0x00000000   Number         0  anon$$obj.o ABSOLUTE
    __ARM_use_no_argv                        0x00000000   Number         0  main.o ABSOLUTE
    __decompress                              - Undefined Weak Reference
    _clock_init                               - Undefined Weak Reference
    __Vectors_Size                           0x00000130   Number         0  startup_stm32f10x_hd.o ABSOLUTE
    __Vectors                                0x08000000   Data           4  startup_stm32f10x_hd.o(RESET)
    __Vectors_End                            0x08000130   Data           0  startup_stm32f10x_hd.o(RESET)
    __main                                   0x08000131   Thumb Code     0  entry.o(.ARM.Collect$$$$00000000)
    _main_stk                                0x08000131   Thumb Code     0  entry2.o(.ARM.Collect$$$$00000001)
    _main_scatterload                        0x08000135   Thumb Code     0  entry5.o(.ARM.Collect$$$$00000004)
    __main_after_scatterload                 0x08000139   Thumb Code     0  entry5.o(.ARM.Collect$$$$00000004)
    _main_clock                              0x08000139   Thumb Code     0  entry7b.o(.ARM.Collect$$$$00000008)
    _main_init                               0x08000139   Thumb Code     0  entry8.o(.ARM.Collect$$$$00000009)
    Reset_Handler                            0x08000145   Thumb Code     8  startup_stm32f10x_hd.o(.text)
    ADC1_2_IRQHandler                        0x0800015f   Thumb Code     0  startup_stm32f10x_hd.o(.text)
    ADC3_IRQHandler                          0x0800015f   Thumb Code     0  startup_stm32f10x_hd.o(.text)
    CAN1_RX1_IRQHandler                      0x0800015f   Thumb Code     0  startup_stm32f10x_hd.o(.text)
    CAN1_SCE_IRQHandler                      0x0800015f   Thumb Code     0  startup_stm32f10x_hd.o(.text)
    DMA1_Channel1_IRQHandler                 0x0800015f   Thumb Code     0  startup_stm32f10x_hd.o(.text)
    DMA1_Channel2_IRQHandler                 0x0800015f   Thumb Code     0  startup_stm32f10x_hd.o(.text)
    DMA1_Channel3_IRQHandler                 0x0800015f   Thumb Code     0  startup_stm32f10x_hd.o(.text)
    DMA1_Channel4_IRQHandler                 0x0800015f   Thumb Code     0  startup_stm32f10x_hd.o(.text)
    DMA1_Channel5_IRQHandler                 0x0800015f   Thumb Code     0  startup_stm32f10x_hd.o(.text)
    DMA1_Channel6_IRQHandler                 0x0800015f   Thumb Code     0  startup_stm32f10x_hd.o(.text)
    DMA1_Channel7_IRQHandler                 0x0800015f   Thumb Code     0  startup_stm32f10x_hd.o(.text)
    DMA2_Channel1_IRQHandler                 0x0800015f   Thumb Code     0  startup_stm32f10x_hd.o(.text)
    DMA2_Channel2_IRQHandler                 0x0800015f   Thumb Code     0  startup_stm32f10x_hd.o(.text)
    DMA2_Channel3_IRQHandler                 0x0800015f   Thumb Code     0  startup_stm32f10x_hd.o(.text)
    DMA2_Channel4_5_IRQHandler               0x0800015f   Thumb Code     0  startup_stm32f10x_hd.o(.text)
    EXTI0_IRQHandler                         0x0800015f   Thumb Code     0  startup_stm32f10x_hd.o(.text)
    EXTI15_10_IRQHandler                     0x0800015f   Thumb Code     0  startup_stm32f10x_hd.o(.text)
    EXTI1_IRQHandler                         0x0800015f   Thumb Code     0  startup_stm32f10x_hd.o(.text)
    EXTI2_IRQHandler                         0x0800015f   Thumb Code     0  startup_stm32f10x_hd.o(.text)
    EXTI4_IRQHandler                         0x0800015f   Thumb Code     0  startup_stm32f10x_hd.o(.text)
    FLASH_IRQHandler                         0x0800015f   Thumb Code     0  startup_stm32f10x_hd.o(.text)
    FSMC_IRQHandler                          0x0800015f   Thumb Code     0  startup_stm32f10x_hd.o(.text)
    I2C1_ER_IRQHandler                       0x0800015f   Thumb Code     0  startup_stm32f10x_hd.o(.text)
    I2C1_EV_IRQHandler                       0x0800015f   Thumb Code     0  startup_stm32f10x_hd.o(.text)
    I2C2_ER_IRQHandler                       0x0800015f   Thumb Code     0  startup_stm32f10x_hd.o(.text)
    I2C2_EV_IRQHandler                       0x0800015f   Thumb Code     0  startup_stm32f10x_hd.o(.text)
    PVD_IRQHandler                           0x0800015f   Thumb Code     0  startup_stm32f10x_hd.o(.text)
    RCC_IRQHandler                           0x0800015f   Thumb Code     0  startup_stm32f10x_hd.o(.text)
    RTCAlarm_IRQHandler                      0x0800015f   Thumb Code     0  startup_stm32f10x_hd.o(.text)
    RTC_IRQHandler                           0x0800015f   Thumb Code     0  startup_stm32f10x_hd.o(.text)
    SDIO_IRQHandler                          0x0800015f   Thumb Code     0  startup_stm32f10x_hd.o(.text)
    SPI1_IRQHandler                          0x0800015f   Thumb Code     0  startup_stm32f10x_hd.o(.text)
    SPI2_IRQHandler                          0x0800015f   Thumb Code     0  startup_stm32f10x_hd.o(.text)
    SPI3_IRQHandler                          0x0800015f   Thumb Code     0  startup_stm32f10x_hd.o(.text)
    TAMPER_IRQHandler                        0x0800015f   Thumb Code     0  startup_stm32f10x_hd.o(.text)
    TIM1_BRK_IRQHandler                      0x0800015f   Thumb Code     0  startup_stm32f10x_hd.o(.text)
    TIM1_CC_IRQHandler                       0x0800015f   Thumb Code     0  startup_stm32f10x_hd.o(.text)
    TIM1_TRG_COM_IRQHandler                  0x0800015f   Thumb Code     0  startup_stm32f10x_hd.o(.text)
    TIM1_UP_IRQHandler                       0x0800015f   Thumb Code     0  startup_stm32f10x_hd.o(.text)
    TIM2_IRQHandler                          0x0800015f   Thumb Code     0  startup_stm32f10x_hd.o(.text)
    TIM3_IRQHandler                          0x0800015f   Thumb Code     0  startup_stm32f10x_hd.o(.text)
    TIM4_IRQHandler                          0x0800015f   Thumb Code     0  startup_stm32f10x_hd.o(.text)
    TIM5_IRQHandler                          0x0800015f   Thumb Code     0  startup_stm32f10x_hd.o(.text)
    TIM6_IRQHandler                          0x0800015f   Thumb Code     0  startup_stm32f10x_hd.o(.text)
    TIM7_IRQHandler                          0x0800015f   Thumb Code     0  startup_stm32f10x_hd.o(.text)
    TIM8_BRK_IRQHandler                      0x0800015f   Thumb Code     0  startup_stm32f10x_hd.o(.text)
    TIM8_CC_IRQHandler                       0x0800015f   Thumb Code     0  startup_stm32f10x_hd.o(.text)
    TIM8_TRG_COM_IRQHandler                  0x0800015f   Thumb Code     0  startup_stm32f10x_hd.o(.text)
    TIM8_UP_IRQHandler                       0x0800015f   Thumb Code     0  startup_stm32f10x_hd.o(.text)
    UART4_IRQHandler                         0x0800015f   Thumb Code     0  startup_stm32f10x_hd.o(.text)
    UART5_IRQHandler                         0x0800015f   Thumb Code     0  startup_stm32f10x_hd.o(.text)
    USART1_IRQHandler                        0x0800015f   Thumb Code     0  startup_stm32f10x_hd.o(.text)
    USART2_IRQHandler                        0x0800015f   Thumb Code     0  startup_stm32f10x_hd.o(.text)
    USART3_IRQHandler                        0x0800015f   Thumb Code     0  startup_stm32f10x_hd.o(.text)
    USBWakeUp_IRQHandler                     0x0800015f   Thumb Code     0  startup_stm32f10x_hd.o(.text)
    USB_HP_CAN1_TX_IRQHandler                0x0800015f   Thumb Code     0  startup_stm32f10x_hd.o(.text)
    USB_LP_CAN1_RX0_IRQHandler               0x0800015f   Thumb Code     0  startup_stm32f10x_hd.o(.text)
    WWDG_IRQHandler                          0x0800015f   Thumb Code     0  startup_stm32f10x_hd.o(.text)
    __scatterload                            0x08000169   Thumb Code    28  init.o(.text)
    __scatterload_rt2                        0x08000169   Thumb Code     0  init.o(.text)
    BUTTON_Configuration                     0x0800018d   Thumb Code    68  hw_config.o(i.BUTTON_Configuration)
    BusFault_Handler                         0x080001d9   Thumb Code     2  stm32f10x_it.o(i.BusFault_Handler)
    DebugMon_Handler                         0x080001db   Thumb Code     2  stm32f10x_it.o(i.DebugMon_Handler)
    Delay_Nms                                0x080001dd   Thumb Code    24  systick.o(i.Delay_Nms)
    Delay_Nus                                0x080001f5   Thumb Code    20  systick.o(i.Delay_Nus)
    Draw_Circle                              0x08000209   Thumb Code   206  lcd.o(i.Draw_Circle)
    EXTI3_IRQHandler                         0x080002d9   Thumb Code    46  stm32f10x_it.o(i.EXTI3_IRQHandler)
    EXTI9_5_IRQHandler                       0x0800030d   Thumb Code    36  stm32f10x_it.o(i.EXTI9_5_IRQHandler)
    EXTI_ClearITPendingBit                   0x08000331   Thumb Code     6  stm32f10x_exti.o(i.EXTI_ClearITPendingBit)
    EXTI_Configuration                       0x0800033d   Thumb Code    70  hw_config.o(i.EXTI_Configuration)
    EXTI_GetITStatus                         0x08000385   Thumb Code    28  stm32f10x_exti.o(i.EXTI_GetITStatus)
    EXTI_Init                                0x080003a5   Thumb Code   108  stm32f10x_exti.o(i.EXTI_Init)
    FLASH_PrefetchBufferCmd                  0x08000415   Thumb Code    18  stm32f10x_flash.o(i.FLASH_PrefetchBufferCmd)
    FLASH_SetLatency                         0x0800042d   Thumb Code    14  stm32f10x_flash.o(i.FLASH_SetLatency)
    FSMC_NORSRAMCmd                          0x08000441   Thumb Code    28  stm32f10x_fsmc.o(i.FSMC_NORSRAMCmd)
    FSMC_NORSRAMInit                         0x08000461   Thumb Code   192  stm32f10x_fsmc.o(i.FSMC_NORSRAMInit)
    GPIO_EXTILineConfig                      0x08000521   Thumb Code    34  stm32f10x_gpio.o(i.GPIO_EXTILineConfig)
    GPIO_Init                                0x08000549   Thumb Code   164  stm32f10x_gpio.o(i.GPIO_Init)
    GPIO_ReadInputDataBit                    0x080005ed   Thumb Code    14  stm32f10x_gpio.o(i.GPIO_ReadInputDataBit)
    GPIO_ResetBits                           0x080005fb   Thumb Code     4  stm32f10x_gpio.o(i.GPIO_ResetBits)
    GPIO_SetBits                             0x080005ff   Thumb Code     4  stm32f10x_gpio.o(i.GPIO_SetBits)
    GPIO_WriteBit                            0x08000603   Thumb Code    10  stm32f10x_gpio.o(i.GPIO_WriteBit)
    Get_Coordinate                           0x0800060d   Thumb Code   290  touchscreen.o(i.Get_Coordinate)
    HardFault_Handler                        0x08000755   Thumb Code     2  stm32f10x_it.o(i.HardFault_Handler)
    Init_USART                               0x08000759   Thumb Code   140  usart.o(i.Init_USART)
    LCD_Clear                                0x080007ed   Thumb Code    36  lcd.o(i.LCD_Clear)
    LCD_Configuration                        0x08000811   Thumb Code   124  lcd.o(i.LCD_Configuration)
    LCD_DrawPoint                            0x0800089d   Thumb Code    22  lcd.o(i.LCD_DrawPoint)
    LCD_FSMCConfiguration                    0x080008b3   Thumb Code    78  lcd.o(i.LCD_FSMCConfiguration)
    LCD_Fill                                 0x08000901   Thumb Code    72  lcd.o(i.LCD_Fill)
    LCD_Init                                 0x08000949   Thumb Code   344  lcd.o(i.LCD_Init)
    LCD_ReadReg                              0x08000aa5   Thumb Code    12  lcd.o(i.LCD_ReadReg)
    LCD_SetCursor                            0x08000ab1   Thumb Code    24  lcd.o(i.LCD_SetCursor)
    LCD_ShowChar                             0x08000ac9   Thumb Code   142  lcd.o(i.LCD_ShowChar)
    LCD_ShowNum                              0x08000b61   Thumb Code   114  lcd.o(i.LCD_ShowNum)
    LCD_WindowMax                            0x08000bd3   Thumb Code    44  lcd.o(i.LCD_WindowMax)
    LCD_WriteReg                             0x08000bff   Thumb Code    10  lcd.o(i.LCD_WriteReg)
    LED_Configuration                        0x08000c09   Thumb Code    82  hw_config.o(i.LED_Configuration)
    MemManage_Handler                        0x08000c61   Thumb Code     2  stm32f10x_it.o(i.MemManage_Handler)
    NMI_Handler                              0x08000c63   Thumb Code     2  stm32f10x_it.o(i.NMI_Handler)
    NVIC_Configuration                       0x08000c65   Thumb Code    40  hw_config.o(i.NVIC_Configuration)
    NVIC_Init                                0x08000c8d   Thumb Code    90  misc.o(i.NVIC_Init)
    NVIC_PriorityGroupConfig                 0x08000cf1   Thumb Code    10  misc.o(i.NVIC_PriorityGroupConfig)
    Pen_Int_Reset                            0x08000d05   Thumb Code    12  touchscreen.o(i.Pen_Int_Reset)
    Pen_Int_Set                              0x08000d15   Thumb Code    12  touchscreen.o(i.Pen_Int_Set)
    PendSV_Handler                           0x08000d25   Thumb Code     2  stm32f10x_it.o(i.PendSV_Handler)
    RCC_AHBPeriphClockCmd                    0x08000d29   Thumb Code    18  stm32f10x_rcc.o(i.RCC_AHBPeriphClockCmd)
    RCC_APB2PeriphClockCmd                   0x08000d41   Thumb Code    18  stm32f10x_rcc.o(i.RCC_APB2PeriphClockCmd)
    RCC_Configuration                        0x08000d59   Thumb Code   102  systemclock.o(i.RCC_Configuration)
    RCC_DeInit                               0x08000dc1   Thumb Code    50  stm32f10x_rcc.o(i.RCC_DeInit)
    RCC_GetClocksFreq                        0x08000e01   Thumb Code   138  stm32f10x_rcc.o(i.RCC_GetClocksFreq)
    RCC_GetFlagStatus                        0x08000e9d   Thumb Code    44  stm32f10x_rcc.o(i.RCC_GetFlagStatus)
    RCC_GetSYSCLKSource                      0x08000ecd   Thumb Code    10  stm32f10x_rcc.o(i.RCC_GetSYSCLKSource)
    RCC_HCLKConfig                           0x08000edd   Thumb Code    14  stm32f10x_rcc.o(i.RCC_HCLKConfig)
    RCC_HSEConfig                            0x08000ef1   Thumb Code    48  stm32f10x_rcc.o(i.RCC_HSEConfig)
    RCC_PCLK1Config                          0x08000f25   Thumb Code    14  stm32f10x_rcc.o(i.RCC_PCLK1Config)
    RCC_PCLK2Config                          0x08000f39   Thumb Code    16  stm32f10x_rcc.o(i.RCC_PCLK2Config)
    RCC_PLLCmd                               0x08000f4d   Thumb Code     6  stm32f10x_rcc.o(i.RCC_PLLCmd)
    RCC_PLLConfig                            0x08000f59   Thumb Code    16  stm32f10x_rcc.o(i.RCC_PLLConfig)
    RCC_SYSCLKConfig                         0x08000f6d   Thumb Code    14  stm32f10x_rcc.o(i.RCC_SYSCLKConfig)
    SVC_Handler                              0x08000f81   Thumb Code     2  stm32f10x_it.o(i.SVC_Handler)
    SysTick_Handler                          0x08001019   Thumb Code     2  stm32f10x_it.o(i.SysTick_Handler)
    SystemInit                               0x0800101d   Thumb Code    64  system_stm32f10x.o(i.SystemInit)
    TS_GPIO_Init                             0x0800106d   Thumb Code   174  touchscreen.o(i.TS_GPIO_Init)
    TS_IRQ                                   0x08001125   Thumb Code   200  touchscreen.o(i.TS_IRQ)
    TS_Read_Data                             0x080011f1   Thumb Code   148  touchscreen.o(i.TS_Read_Data)
    TS_Write_Cmd                             0x0800128d   Thumb Code   110  touchscreen.o(i.TS_Write_Cmd)
    USART_Cmd                                0x08001305   Thumb Code    20  stm32f10x_usart.o(i.USART_Cmd)
    USART_GetFlagStatus                      0x08001319   Thumb Code    14  stm32f10x_usart.o(i.USART_GetFlagStatus)
    USART_ITConfig                           0x08001327   Thumb Code    48  stm32f10x_usart.o(i.USART_ITConfig)
    USART_Init                               0x08001359   Thumb Code   176  stm32f10x_usart.o(i.USART_Init)
    USART_SendChar                           0x0800140d   Thumb Code    30  usart.o(i.USART_SendChar)
    USART_SendData                           0x0800142b   Thumb Code     8  stm32f10x_usart.o(i.USART_SendData)
    USART_SendStr                            0x08001433   Thumb Code    24  usart.o(i.USART_SendStr)
    UsageFault_Handler                       0x0800144b   Thumb Code     2  stm32f10x_it.o(i.UsageFault_Handler)
    __scatterload_copy                       0x0800144d   Thumb Code    14  handlers.o(i.__scatterload_copy)
    __scatterload_null                       0x0800145b   Thumb Code     2  handlers.o(i.__scatterload_null)
    __scatterload_zeroinit                   0x0800145d   Thumb Code    14  handlers.o(i.__scatterload_zeroinit)
    main                                     0x0800146d   Thumb Code   274  main.o(i.main)
    mypow                                    0x08001591   Thumb Code    20  lcd.o(i.mypow)
    asc2_1206                                0x080015a4   Data        1140  lcd.o(.constdata)
    asc2_1608                                0x08001a18   Data        1520  lcd.o(.constdata)
    GBHZ_16                                  0x08002008   Data        1428  lcd.o(.constdata)
    Region$$Table$$Base                      0x0800259c   Number         0  anon$$obj.o(Region$$Table)
    Region$$Table$$Limit                     0x080025bc   Number         0  anon$$obj.o(Region$$Table)
    pen_flag                                 0x20000000   Data           1  main.o(.data)
    clor                                     0x20000004   Data          44  main.o(.data)
    coord                                    0x20000030   Data           4  main.o(.data)
    DeviceCode                               0x20000038   Data           2  lcd.o(.data)
    __initial_sp                             0x20000450   Data           0  startup_stm32f10x_hd.o(STACK)



==============================================================================

Memory Map of the image

  Image Entry point : 0x08000131

  Load Region LR_IROM1 (Base: 0x08000000, Size: 0x0000260c, Max: 0x00080000, ABSOLUTE)

    Execution Region ER_IROM1 (Base: 0x08000000, Size: 0x000025bc, Max: 0x00080000, ABSOLUTE)

    Base Addr    Size         Type   Attr      Idx    E Section Name        Object

    0x08000000   0x00000130   Data   RO         1461    RESET               startup_stm32f10x_hd.o
    0x08000130   0x00000000   Code   RO         1495  * .ARM.Collect$$$$00000000  mc_w.l(entry.o)
    0x08000130   0x00000004   Code   RO         1498    .ARM.Collect$$$$00000001  mc_w.l(entry2.o)
    0x08000134   0x00000004   Code   RO         1501    .ARM.Collect$$$$00000004  mc_w.l(entry5.o)
    0x08000138   0x00000000   Code   RO         1503    .ARM.Collect$$$$00000008  mc_w.l(entry7b.o)
    0x08000138   0x00000008   Code   RO         1504    .ARM.Collect$$$$00000009  mc_w.l(entry8.o)
    0x08000140   0x00000004   Code   RO         1499    .ARM.Collect$$$$00002712  mc_w.l(entry2.o)
    0x08000144   0x00000024   Code   RO         1462    .text               startup_stm32f10x_hd.o
    0x08000168   0x00000024   Code   RO         1505    .text               mc_w.l(init.o)
    0x0800018c   0x0000004c   Code   RO          169    i.BUTTON_Configuration  hw_config.o
    0x080001d8   0x00000002   Code   RO           90    i.BusFault_Handler  stm32f10x_it.o
    0x080001da   0x00000002   Code   RO           91    i.DebugMon_Handler  stm32f10x_it.o
    0x080001dc   0x00000018   Code   RO          199    i.Delay_Nms         systick.o
    0x080001f4   0x00000014   Code   RO          200    i.Delay_Nus         systick.o
    0x08000208   0x000000ce   Code   RO          313    i.Draw_Circle       lcd.o
    0x080002d6   0x00000002   PAD
    0x080002d8   0x00000034   Code   RO           92    i.EXTI3_IRQHandler  stm32f10x_it.o
    0x0800030c   0x00000024   Code   RO           93    i.EXTI9_5_IRQHandler  stm32f10x_it.o
    0x08000330   0x0000000c   Code   RO          609    i.EXTI_ClearITPendingBit  stm32f10x_exti.o
    0x0800033c   0x00000046   Code   RO          170    i.EXTI_Configuration  hw_config.o
    0x08000382   0x00000002   PAD
    0x08000384   0x00000020   Code   RO          613    i.EXTI_GetITStatus  stm32f10x_exti.o
    0x080003a4   0x00000070   Code   RO          614    i.EXTI_Init         stm32f10x_exti.o
    0x08000414   0x00000018   Code   RO          679    i.FLASH_PrefetchBufferCmd  stm32f10x_flash.o
    0x0800042c   0x00000014   Code   RO          684    i.FLASH_SetLatency  stm32f10x_flash.o
    0x08000440   0x00000020   Code   RO         1339    i.FSMC_NORSRAMCmd   stm32f10x_fsmc.o
    0x08000460   0x000000c0   Code   RO         1341    i.FSMC_NORSRAMInit  stm32f10x_fsmc.o
    0x08000520   0x00000028   Code   RO          837    i.GPIO_EXTILineConfig  stm32f10x_gpio.o
    0x08000548   0x000000a4   Code   RO          840    i.GPIO_Init         stm32f10x_gpio.o
    0x080005ec   0x0000000e   Code   RO          844    i.GPIO_ReadInputDataBit  stm32f10x_gpio.o
    0x080005fa   0x00000004   Code   RO          847    i.GPIO_ResetBits    stm32f10x_gpio.o
    0x080005fe   0x00000004   Code   RO          848    i.GPIO_SetBits      stm32f10x_gpio.o
    0x08000602   0x0000000a   Code   RO          851    i.GPIO_WriteBit     stm32f10x_gpio.o
    0x0800060c   0x00000148   Code   RO          265    i.Get_Coordinate    touchscreen.o
    0x08000754   0x00000002   Code   RO           94    i.HardFault_Handler  stm32f10x_it.o
    0x08000756   0x00000002   PAD
    0x08000758   0x00000094   Code   RO          217    i.Init_USART        usart.o
    0x080007ec   0x00000024   Code   RO          314    i.LCD_Clear         lcd.o
    0x08000810   0x0000008c   Code   RO          315    i.LCD_Configuration  lcd.o
    0x0800089c   0x00000016   Code   RO          318    i.LCD_DrawPoint     lcd.o
    0x080008b2   0x0000004e   Code   RO          320    i.LCD_FSMCConfiguration  lcd.o
    0x08000900   0x00000048   Code   RO          321    i.LCD_Fill          lcd.o
    0x08000948   0x0000015c   Code   RO          322    i.LCD_Init          lcd.o
    0x08000aa4   0x0000000c   Code   RO          324    i.LCD_ReadReg       lcd.o
    0x08000ab0   0x00000018   Code   RO          325    i.LCD_SetCursor     lcd.o
    0x08000ac8   0x00000098   Code   RO          326    i.LCD_ShowChar      lcd.o
    0x08000b60   0x00000072   Code   RO          329    i.LCD_ShowNum       lcd.o
    0x08000bd2   0x0000002c   Code   RO          333    i.LCD_WindowMax     lcd.o
    0x08000bfe   0x0000000a   Code   RO          336    i.LCD_WriteReg      lcd.o
    0x08000c08   0x00000058   Code   RO          171    i.LED_Configuration  hw_config.o
    0x08000c60   0x00000002   Code   RO           95    i.MemManage_Handler  stm32f10x_it.o
    0x08000c62   0x00000002   Code   RO           96    i.NMI_Handler       stm32f10x_it.o
    0x08000c64   0x00000028   Code   RO          172    i.NVIC_Configuration  hw_config.o
    0x08000c8c   0x00000064   Code   RO          482    i.NVIC_Init         misc.o
    0x08000cf0   0x00000014   Code   RO          483    i.NVIC_PriorityGroupConfig  misc.o
    0x08000d04   0x00000010   Code   RO          266    i.Pen_Int_Reset     touchscreen.o
    0x08000d14   0x00000010   Code   RO          267    i.Pen_Int_Set       touchscreen.o
    0x08000d24   0x00000002   Code   RO           97    i.PendSV_Handler    stm32f10x_it.o
    0x08000d26   0x00000002   PAD
    0x08000d28   0x00000018   Code   RO          949    i.RCC_AHBPeriphClockCmd  stm32f10x_rcc.o
    0x08000d40   0x00000018   Code   RO          952    i.RCC_APB2PeriphClockCmd  stm32f10x_rcc.o
    0x08000d58   0x00000066   Code   RO          253    i.RCC_Configuration  systemclock.o
    0x08000dbe   0x00000002   PAD
    0x08000dc0   0x00000040   Code   RO          959    i.RCC_DeInit        stm32f10x_rcc.o
    0x08000e00   0x0000009c   Code   RO          960    i.RCC_GetClocksFreq  stm32f10x_rcc.o
    0x08000e9c   0x00000030   Code   RO          961    i.RCC_GetFlagStatus  stm32f10x_rcc.o
    0x08000ecc   0x00000010   Code   RO          963    i.RCC_GetSYSCLKSource  stm32f10x_rcc.o
    0x08000edc   0x00000014   Code   RO          964    i.RCC_HCLKConfig    stm32f10x_rcc.o
    0x08000ef0   0x00000034   Code   RO          965    i.RCC_HSEConfig     stm32f10x_rcc.o
    0x08000f24   0x00000014   Code   RO          971    i.RCC_PCLK1Config   stm32f10x_rcc.o
    0x08000f38   0x00000014   Code   RO          972    i.RCC_PCLK2Config   stm32f10x_rcc.o
    0x08000f4c   0x0000000c   Code   RO          973    i.RCC_PLLCmd        stm32f10x_rcc.o
    0x08000f58   0x00000014   Code   RO          974    i.RCC_PLLConfig     stm32f10x_rcc.o
    0x08000f6c   0x00000014   Code   RO          977    i.RCC_SYSCLKConfig  stm32f10x_rcc.o
    0x08000f80   0x00000002   Code   RO           98    i.SVC_Handler       stm32f10x_it.o
    0x08000f82   0x00000002   PAD
    0x08000f84   0x00000094   Code   RO         1466    i.SetSysClockTo72   system_stm32f10x.o
    0x08001018   0x00000002   Code   RO           99    i.SysTick_Handler   stm32f10x_it.o
    0x0800101a   0x00000002   PAD
    0x0800101c   0x00000050   Code   RO         1468    i.SystemInit        system_stm32f10x.o
    0x0800106c   0x000000b8   Code   RO          268    i.TS_GPIO_Init      touchscreen.o
    0x08001124   0x000000cc   Code   RO          269    i.TS_IRQ            touchscreen.o
    0x080011f0   0x0000009c   Code   RO          270    i.TS_Read_Data      touchscreen.o
    0x0800128c   0x00000078   Code   RO          271    i.TS_Write_Cmd      touchscreen.o
    0x08001304   0x00000014   Code   RO         1152    i.USART_Cmd         stm32f10x_usart.o
    0x08001318   0x0000000e   Code   RO         1155    i.USART_GetFlagStatus  stm32f10x_usart.o
    0x08001326   0x00000030   Code   RO         1158    i.USART_ITConfig    stm32f10x_usart.o
    0x08001356   0x00000002   PAD
    0x08001358   0x000000b4   Code   RO         1159    i.USART_Init        stm32f10x_usart.o
    0x0800140c   0x0000001e   Code   RO          220    i.USART_SendChar    usart.o
    0x0800142a   0x00000008   Code   RO         1169    i.USART_SendData    stm32f10x_usart.o
    0x08001432   0x00000018   Code   RO          221    i.USART_SendStr     usart.o
    0x0800144a   0x00000002   Code   RO          100    i.UsageFault_Handler  stm32f10x_it.o
    0x0800144c   0x0000000e   Code   RO         1509    i.__scatterload_copy  mc_w.l(handlers.o)
    0x0800145a   0x00000002   Code   RO         1510    i.__scatterload_null  mc_w.l(handlers.o)
    0x0800145c   0x0000000e   Code   RO         1511    i.__scatterload_zeroinit  mc_w.l(handlers.o)
    0x0800146a   0x00000002   PAD
    0x0800146c   0x00000124   Code   RO            1    i.main              main.o
    0x08001590   0x00000014   Code   RO          339    i.mypow             lcd.o
    0x080015a4   0x00000ff8   Data   RO          340    .constdata          lcd.o
    0x0800259c   0x00000020   Data   RO         1507    Region$$Table       anon$$obj.o


    Execution Region RW_IRAM1 (Base: 0x20000000, Size: 0x00000450, Max: 0x00010000, ABSOLUTE)

    Base Addr    Size         Type   Attr      Idx    E Section Name        Object

    0x20000000   0x00000030   Data   RW            3    .data               main.o
    0x20000030   0x00000004   Data   RW            4    .data               main.o
    0x20000034   0x00000006   Data   RW          341    .data               lcd.o
    0x2000003a   0x00000014   Data   RW          980    .data               stm32f10x_rcc.o
    0x2000004e   0x00000002   PAD
    0x20000050   0x00000400   Zero   RW         1459    STACK               startup_stm32f10x_hd.o


==============================================================================

Image component sizes


      Code (inc. data)   RO Data    RW Data    ZI Data      Debug   Object Name

         0          0          0          0          0         32   core_cm3.o
       274         14          0          0          0       1825   hw_config.o
      1278         30       4088          6          0      18260   lcd.o
       292         18          0         52          0     236776   main.o
       120         20          0          0          0       1259   misc.o
        36          8        304          0       1024        792   startup_stm32f10x_hd.o
       156         14          0          0          0       1852   stm32f10x_exti.o
        44         12          0          0          0        917   stm32f10x_flash.o
       224          4          0          0          0       1649   stm32f10x_fsmc.o
       236          6          0          0          0       4226   stm32f10x_gpio.o
       106          6          0          0          0       5183   stm32f10x_it.o
       496         90          0         20          0       8661   stm32f10x_rcc.o
       270          4          0          0          0       4429   stm32f10x_usart.o
       228         26          0          0          0       1521   system_stm32f10x.o
       102          0          0          0          0        452   systemclock.o
        44          0          0          0          0       1152   systick.o
      1024         78          0          0          0       4005   touchscreen.o
       202          8          0          0          0       1798   usart.o

    ----------------------------------------------------------------------
      5148        338       4424         80       1024     294789   Object Totals
         0          0         32          0          0          0   (incl. Generated)
        16          0          0          2          0          0   (incl. Padding)

    ----------------------------------------------------------------------

      Code (inc. data)   RO Data    RW Data    ZI Data      Debug   Library Member Name

         0          0          0          0          0          0   entry.o
         8          4          0          0          0          0   entry2.o
         4          0          0          0          0          0   entry5.o
         0          0          0          0          0          0   entry7b.o
         8          4          0          0          0          0   entry8.o
        30          0          0          0          0          0   handlers.o
        36          8          0          0          0         68   init.o

    ----------------------------------------------------------------------
        88         16          0          0          0         68   Library Totals
         2          0          0          0          0          0   (incl. Padding)

    ----------------------------------------------------------------------

      Code (inc. data)   RO Data    RW Data    ZI Data      Debug   Library Name

        86         16          0          0          0         68   mc_w.l

    ----------------------------------------------------------------------
        88         16          0          0          0         68   Library Totals

    ----------------------------------------------------------------------

==============================================================================


      Code (inc. data)   RO Data    RW Data    ZI Data      Debug   

      5236        354       4424         80       1024     291061   Grand Totals
      5236        354       4424         80       1024     291061   ELF Image Totals
      5236        354       4424         80          0          0   ROM Totals

==============================================================================

    Total RO  Size (Code + RO Data)                 9660 (   9.43kB)
    Total RW  Size (RW Data + ZI Data)              1104 (   1.08kB)
    Total ROM Size (Code + RO Data + RW Data)       9740 (   9.51kB)

==============================================================================

