<html>
<body>
<pre>
<h1>µVision Build Log</h1>
<h2>Project:</h2>
G:\ºìÁú¿ª·¢°å\³ÌÐò\¡¾04¡¿ºìÁú°å_EXTI\Project\Project.uvproj
Project File Date:  07/20/2012

<h2>Output:</h2>
Build target 'SysClock'
compiling hw_config.c...
..\User\hw_config.c(17): error:  #20: identifier "NVIC_InitTypeDef" is undefined
..\User\hw_config.c(18): warning:  #223-D: function "NVIC_PriorityGroupConfig" declared implicitly
..\User\hw_config.c(18): error:  #20: identifier "NVIC_PriorityGroup_2" is undefined
..\User\hw_config.c(21): error:  #20: identifier "EXTI9_5_IRQn" is undefined
..\User\hw_config.c(24): error:  #20: identifier "ENABLE" is undefined
..\User\hw_config.c(25): warning:  #223-D: function "NVIC_Init" declared implicitly
..\User\hw_config.c(27): error:  #20: identifier "EXTI3_IRQn" is undefined
..\User\hw_config.c(46): error:  #20: identifier "GPIO_InitTypeDef" is undefined
..\User\hw_config.c(47): warning:  #223-D: function "RCC_APB2PeriphClockCmd" declared implicitly
..\User\hw_config.c(47): error:  #20: identifier "RCC_APB2Periph_LED" is undefined
..\User\hw_config.c(47): error:  #20: identifier "ENABLE" is undefined
..\User\hw_config.c(48): error:  #20: identifier "LED1" is undefined
..\User\hw_config.c(48): error:  #20: identifier "LED2" is undefined
..\User\hw_config.c(48): error:  #20: identifier "LED3" is undefined
..\User\hw_config.c(48): error:  #20: identifier "LED4" is undefined
..\User\hw_config.c(49): error:  #20: identifier "GPIO_Speed_50MHz" is undefined
..\User\hw_config.c(50): error:  #20: identifier "GPIO_Mode_Out_PP" is undefined
..\User\hw_config.c(51): warning:  #223-D: function "GPIO_Init" declared implicitly
..\User\hw_config.c(51): error:  #20: identifier "GPIO_LedPort" is undefined
..\User\hw_config.c(54): warning:  #223-D: function "LED1_OFF" declared implicitly
..\User\hw_config.c(55): warning:  #223-D: function "LED2_OFF" declared implicitly
..\User\hw_config.c(56): warning:  #223-D: function "LED3_OFF" declared implicitly
..\User\hw_config.c(57): warning:  #223-D: function "LED4_OFF" declared implicitly
..\User\hw_config.c(72): error:  #20: identifier "GPIO_InitTypeDef" is undefined
..\User\hw_config.c(73): warning:  #223-D: function "RCC_APB2PeriphClockCmd" declared implicitly
..\User\hw_config.c(73): error:  #20: identifier "RCC_APB2Periph_GPIOA" is undefined
..\User\hw_config.c(73): error:  #20: identifier "ENABLE" is undefined
..\User\hw_config.c(74): error:  #20: identifier "GPIO_Mode_IPU" is undefined
..\User\hw_config.c(75): error:  #20: identifier "GPIO_Speed_50MHz" is undefined
..\User\hw_config.c(76): error:  #20: identifier "GPIO_Pin_8" is undefined
..\User\hw_config.c(77): warning:  #223-D: function "GPIO_Init" declared implicitly
..\User\hw_config.c(77): error:  #20: identifier "GPIOA" is undefined
..\User\hw_config.c(79): error:  #20: identifier "RCC_APB2Periph_GPIOD" is undefined
..\User\hw_config.c(79): error:  #20: identifier "RCC_APB2Periph_AFIO" is undefined
..\User\hw_config.c(82): error:  #20: identifier "GPIO_Pin_3" is undefined
..\User\hw_config.c(83): error:  #20: identifier "GPIOD" is undefined
..\User\hw_config.c(97): error:  #20: identifier "EXTI_InitTypeDef" is undefined
..\User\hw_config.c(99): error:  #20: identifier "EXTI_Line8" is undefined
..\User\hw_config.c(100): error:  #20: identifier "EXTI_Mode_Interrupt" is undefined
..\User\hw_config.c(101): error:  #20: identifier "EXTI_Trigger_Falling" is undefined
Target not created
Build target 'SysClock'
compiling hw_config.c...
..\User\hw_config.c(48): error:  #20: identifier "RCC_APB2Periph_LED" is undefined
..\User\hw_config.c(49): error:  #20: identifier "LED1" is undefined
..\User\hw_config.c(49): error:  #20: identifier "LED2" is undefined
..\User\hw_config.c(49): error:  #20: identifier "LED3" is undefined
..\User\hw_config.c(49): error:  #20: identifier "LED4" is undefined
..\User\hw_config.c(52): error:  #20: identifier "GPIO_LedPort" is undefined
..\User\hw_config.c(55): warning:  #223-D: function "LED1_OFF" declared implicitly
..\User\hw_config.c(56): warning:  #223-D: function "LED2_OFF" declared implicitly
..\User\hw_config.c(57): warning:  #223-D: function "LED3_OFF" declared implicitly
..\User\hw_config.c(58): warning:  #223-D: function "LED4_OFF" declared implicitly
Target not created
Build target 'SysClock'
compiling main.c...
compiling stm32f10x_it.c...
..\User\stm32f10x_it.c(158): warning:  #223-D: function "LED1_ON" declared implicitly
..\User\stm32f10x_it.c(159): warning:  #223-D: function "LED2_ON" declared implicitly
..\User\stm32f10x_it.c(174): warning:  #223-D: function "LED1_OFF" declared implicitly
..\User\stm32f10x_it.c(175): warning:  #223-D: function "LED2_OFF" declared implicitly
compiling hw_config.c...
..\User\hw_config.c(48): error:  #20: identifier "RCC_APB2Periph_LED" is undefined
..\User\hw_config.c(49): error:  #20: identifier "LED1" is undefined
..\User\hw_config.c(49): error:  #20: identifier "LED2" is undefined
..\User\hw_config.c(49): error:  #20: identifier "LED3" is undefined
..\User\hw_config.c(49): error:  #20: identifier "LED4" is undefined
..\User\hw_config.c(52): error:  #20: identifier "GPIO_LedPort" is undefined
..\User\hw_config.c(55): warning:  #223-D: function "LED1_OFF" declared implicitly
..\User\hw_config.c(56): warning:  #223-D: function "LED2_OFF" declared implicitly
..\User\hw_config.c(57): warning:  #223-D: function "LED3_OFF" declared implicitly
..\User\hw_config.c(58): warning:  #223-D: function "LED4_OFF" declared implicitly
Target not created
Build target 'SysClock'
compiling main.c...
compiling hw_config.c...
linking...
.\Outputs\SysClock.axf: Error: L6218E: Undefined symbol LED1_OFF (referred from stm32f10x_it.o).
.\Outputs\SysClock.axf: Error: L6218E: Undefined symbol LED1_ON (referred from stm32f10x_it.o).
.\Outputs\SysClock.axf: Error: L6218E: Undefined symbol LED2_OFF (referred from stm32f10x_it.o).
.\Outputs\SysClock.axf: Error: L6218E: Undefined symbol LED2_ON (referred from stm32f10x_it.o).
Target not created
Build target 'SysClock'
compiling stm32f10x_it.c...
linking...
Program Size: Code=1316 RO-data=320 RW-data=0 ZI-data=1024  
FromELF: creating hex file...
".\Outputs\SysClock.axf" - 0 Error(s), 0 Warning(s).
Build target 'SysClock'
compiling main.c...
..\User\main.c(19): error:  #5: cannot open source input file "led.h": No such file or directory
Target not created
Build target 'SysClock'
compiling main.c...
..\User\main.c(17): error:  #5: cannot open source input file "user_config.h": No such file or directory
Target not created
Build target 'SysClock'
compiling main.c...
linking...
Program Size: Code=1316 RO-data=320 RW-data=0 ZI-data=1024  
FromELF: creating hex file...
".\Outputs\SysClock.axf" - 0 Error(s), 0 Warning(s).
Load "G:\\ºìÁú¿ª·¢°å\\³ÌÐò\\¡¾04¡¿ºìÁú°å_EXTI\\Project\\Outputs\\SysClock.AXF" 
* JLink Info: Device "STM32F103ZE" selected (512 KB flash, 64 KB RAM).
Set JLink Project File to "G:\ºìÁú¿ª·¢°å\³ÌÐò\¡¾04¡¿ºìÁú°å_EXTI\Project\JLinkSettings.ini"
 
JLink info:
------------
DLL: V4.35b, compiled Sep  2 2011 18:34:46
Firmware: J-Link ARM V8 compiled Dec  6 2011 18:57:44
Hardware: V8.00
S/N : 20100214 
Feature(s) : RDI,FlashDL,FlashBP,JFlash,GDBFull 
 
* JLink Info: TotalIRLen = 9, IRPrint = 0x0011
* JLink Info: Found Cortex-M3 r1p1, Little endian.
* JLink Info: TPIU fitted.
* JLink Info: ETM fitted.
* JLink Info:   FPUnit: 6 code (BP) slots and 2 literal slots
ROMTableAddr = 0xE00FF003
* JLink Info: TotalIRLen = 9, IRPrint = 0x0011
* JLink Info: Found Cortex-M3 r1p1, Little endian.
* JLink Info: TPIU fitted.
* JLink Info: ETM fitted.
* JLink Info:   FPUnit: 6 code (BP) slots and 2 literal slots
 
Target info:
------------
Device: STM32F103ZE
VTarget = 3.287V
State of Pins: 
TCK: 1, TDI: 0, TDO: 1, TMS: 0, TRES: 1, TRST: 1
Hardware-Breakpoints: 6
Software-Breakpoints: 8192
Watchpoints:          4
JTAG speed: 4800 kHz
 
Erase Done.
Programming Done.
Verify OK.
* JLink Info: TotalIRLen = 9, IRPrint = 0x0011
* JLink Info: Found Cortex-M3 r1p1, Little endian.
* JLink Info: TPIU fitted.
* JLink Info: ETM fitted.
* JLink Info:   FPUnit: 6 code (BP) slots and 2 literal slots
Application running ...
Build target 'EXTI'
compiling main.c...
compiling stm32f10x_it.c...
compiling hw_config.c...
compiling misc.c...
compiling stm32f10x_adc.c...
compiling stm32f10x_bkp.c...
compiling stm32f10x_can.c...
compiling stm32f10x_cec.c...
compiling stm32f10x_crc.c...
compiling stm32f10x_dac.c...
compiling stm32f10x_dbgmcu.c...
compiling stm32f10x_dma.c...
compiling stm32f10x_exti.c...
compiling stm32f10x_flash.c...
compiling stm32f10x_fsmc.c...
compiling stm32f10x_gpio.c...
compiling stm32f10x_i2c.c...
compiling stm32f10x_iwdg.c...
compiling stm32f10x_pwr.c...
compiling stm32f10x_rcc.c...
compiling stm32f10x_rtc.c...
compiling stm32f10x_sdio.c...
compiling stm32f10x_spi.c...
compiling stm32f10x_tim.c...
compiling stm32f10x_usart.c...
compiling stm32f10x_wwdg.c...
compiling core_cm3.c...
compiling system_stm32f10x.c...
linking...
Program Size: Code=1316 RO-data=320 RW-data=0 ZI-data=1024  
FromELF: creating hex file...
".\Outputs\EXTI.axf" - 0 Error(s), 0 Warning(s).
Load "G:\\ºìÁú¿ª·¢°å\\³ÌÐò\\¡¾04¡¿ºìÁú°å_EXTI\\Project\\Outputs\\EXTI.AXF" 
* JLink Info: Device "STM32F103ZE" selected (512 KB flash, 64 KB RAM).
Set JLink Project File to "G:\ºìÁú¿ª·¢°å\³ÌÐò\¡¾04¡¿ºìÁú°å_EXTI\Project\JLinkSettings.ini"
 
JLink info:
------------
DLL: V4.35b, compiled Sep  2 2011 18:34:46
Firmware: J-Link ARM V8 compiled Dec  6 2011 18:57:44
Hardware: V8.00
S/N : 20100214 
Feature(s) : RDI,FlashDL,FlashBP,JFlash,GDBFull 
 
* JLink Info: TotalIRLen = 9, IRPrint = 0x0011
* JLink Info: Found Cortex-M3 r1p1, Little endian.
* JLink Info: TPIU fitted.
* JLink Info: ETM fitted.
* JLink Info:   FPUnit: 6 code (BP) slots and 2 literal slots
ROMTableAddr = 0xE00FF003
* JLink Info: TotalIRLen = 9, IRPrint = 0x0011
* JLink Info: Found Cortex-M3 r1p1, Little endian.
* JLink Info: TPIU fitted.
* JLink Info: ETM fitted.
* JLink Info:   FPUnit: 6 code (BP) slots and 2 literal slots
 
Target info:
------------
Device: STM32F103ZE
VTarget = 3.287V
State of Pins: 
TCK: 1, TDI: 0, TDO: 1, TMS: 0, TRES: 1, TRST: 1
Hardware-Breakpoints: 6
Software-Breakpoints: 8192
Watchpoints:          4
JTAG speed: 4800 kHz
 
Erase Done.
Programming Done.
Verify OK.
* JLink Info: TotalIRLen = 9, IRPrint = 0x0011
* JLink Info: Found Cortex-M3 r1p1, Little endian.
* JLink Info: TPIU fitted.
* JLink Info: ETM fitted.
* JLink Info:   FPUnit: 6 code (BP) slots and 2 literal slots
Application running ...
